=== resweep on byte-verified ./hunt (commit 2d1948a) ===
  d=13  range=1528961  survivors(raw)=4  palindromes=2  prime-eligible=4  EMIRPS=0   [0.00 h]
  wall=0.03s
  d=14  range=4835000  survivors(raw)=6  palindromes=0  prime-eligible=6  EMIRPS=0   [0.00 h]
  wall=0.05s
  d=15  range=15289612  survivors(raw)=5  palindromes=3  prime-eligible=5  EMIRPS=0   [0.00 h]
  wall=0.27s
  d=16  range=48349998  survivors(raw)=1  palindromes=0  prime-eligible=0  EMIRPS=0   [0.00 h]
  wall=0.62s
  d=17  range=152896120  survivors(raw)=1  palindromes=1  prime-eligible=1  EMIRPS=0   [0.00 h]
  wall=3.18s
  d=18  range=483499983  survivors(raw)=0  palindromes=0  prime-eligible=0  EMIRPS=0   [0.00 h]
  wall=6.56s
  d=22  range=48349998344  survivors(raw)=0  palindromes=0  prime-eligible=0  EMIRPS=0   [0.21 h]
  wall=748.17s
  d=23  range=152896119631  survivors(raw)=2  palindromes=0  prime-eligible=2  EMIRPS=0   [1.08 h]
  wall=3897.76s
=== resweep complete ===
  gate: d=23 clean, continuing to d=24..27
  d=24  range=483499983437  survivors(raw)=1  palindromes=0  prime-eligible=0  EMIRPS=0   [2.25 h]
  wall=8102.77s
  --- d=24 clean ---
  d=25  range=1528961196313  survivors(raw)=5  palindromes=4  prime-eligible=4  EMIRPS=0   [9.24 h]
  wall=33277.81s
  --- d=25 clean ---
  d=26  range=4834999834365  survivors(raw)=4  palindromes=0  prime-eligible=2  EMIRPS=0   [22.35 h]
  wall=80449.29s
  --- d=26 clean ---
  d=27  range=15289611963133  survivors(raw)=4  palindromes=3  prime-eligible=3  EMIRPS=0   [111.52 h]
  wall=401478.20s
  --- d=27 clean ---
=== resweep d=13..27 complete, all EMIRPS=0 ===
