
  Modular Obstruction Search for Bi-Quadratic Emirps
=====================================================
  max_d = 18    max_k = 6    (resuming from k=6, d=18)
=====================================================

  k=6: valid_endings = 54176 / 1000000 (5.42%)  valid_firsts = 54176
  ---------------------------------------------------
  d=18 HB t=    20s  heavy=355223 (17761/s)  scanned~0M  cur_r=401880 (40.19%)
  d=18 HB t=    40s  heavy=682630 (16370/s)  scanned~0M  cur_r=3392 (0.34%)
  d=18 HB t=    60s  heavy=1007468 (16242/s)  scanned~0M  cur_r=505405 (50.54%)
  d=18 HB t=    80s  heavy=1333010 (16277/s)  scanned~0M  cur_r=706719 (70.67%)
  d=18 HB t=   100s  heavy=1658255 (16262/s)  scanned~0M  cur_r=606899 (60.69%)
  d=18 HB t=   120s  heavy=1991142 (16644/s)  scanned~0M  cur_r=109912 (10.99%)
  d=18 HB t=   140s  heavy=2328706 (16878/s)  scanned~0M  cur_r=111505 (11.15%)
  d=18 HB t=   160s  heavy=2667619 (16945/s)  scanned~0M  cur_r=113147 (11.31%)
  d=18 HB t=   180s  heavy=3006492 (16944/s)  scanned~0M  cur_r=315895 (31.59%)
  d=18 HB t=   200s  heavy=3349772 (17164/s)  scanned~0M  cur_r=517775 (51.78%)
  d=18 HB t=   220s  heavy=3691033 (17063/s)  scanned~0M  cur_r=718210 (71.82%)
  d=18 HB t=   240s  heavy=4034189 (17158/s)  scanned~0M  cur_r=19539 (1.95%)
  d=18 HB t=   260s  heavy=4374137 (16997/s)  scanned~0M  cur_r=21177 (2.12%)
  d=18 HB t=   280s  heavy=4713870 (16987/s)  scanned~0M  cur_r=220097 (22.01%)
  d=18 HB t=   300s  heavy=5060662 (17340/s)  scanned~0M  cur_r=24425 (2.44%)
  d=18 HB t=   320s  heavy=5395315 (16733/s)  scanned~0M  cur_r=328240 (32.82%)
  d=18 HB t=   340s  heavy=5734604 (16964/s)  scanned~0M  cur_r=27609 (2.76%)
  d=18 HB t=   360s  heavy=6054238 (15982/s)  scanned~0M  cur_r=628147 (62.81%)
  d=18 HB t=   380s  heavy=6368779 (15727/s)  scanned~0M  cur_r=228007 (22.80%)
  d=18 HB t=   400s  heavy=6682434 (15683/s)  scanned~0M  cur_r=334890 (33.49%)
  d=18 HB t=   420s  heavy=6990062 (15381/s)  scanned~0M  cur_r=336512 (33.65%)
  d=18 HB t=   440s  heavy=7290686 (15031/s)  scanned~0M  cur_r=338132 (33.81%)
  d=18 HB t=   460s  heavy=7593649 (15148/s)  scanned~0M  cur_r=540047 (54.00%)
  d=18 HB t=   480s  heavy=7897686 (15202/s)  scanned~0M  cur_r=738619 (73.86%)
  d=18 HB t=   500s  heavy=8199723 (15102/s)  scanned~0M  cur_r=342965 (34.30%)
  d=18 HB t=   520s  heavy=8501850 (15106/s)  scanned~0M  cur_r=741600 (74.16%)
  d=18 HB t=   540s  heavy=8810449 (15430/s)  scanned~0M  cur_r=346185 (34.62%)
  d=18 HB t=   560s  heavy=9126591 (15807/s)  scanned~0M  cur_r=548409 (54.84%)
  d=18 HB t=   580s  heavy=9439702 (15655/s)  scanned~0M  cur_r=642587 (64.26%)
  d=18 HB t=   600s  heavy=9750765 (15553/s)  scanned~0M  cur_r=551727 (55.17%)
  d=18 HB t=   620s  heavy=10059008 (15412/s)  scanned~0M  cur_r=150779 (15.08%)
  d=18 HB t=   640s  heavy=10379653 (16032/s)  scanned~0M  cur_r=555097 (55.51%)
  d=18 HB t=   660s  heavy=10698380 (15936/s)  scanned~0M  cur_r=246775 (24.68%)
  d=18 HB t=   680s  heavy=11013646 (15763/s)  scanned~0M  cur_r=155637 (15.56%)
  d=18 HB t=   700s  heavy=11337499 (16193/s)  scanned~0M  cur_r=249970 (25.00%)
  d=18 HB t=   720s  heavy=11659718 (16111/s)  scanned~0M  cur_r=756790 (75.68%)
  d=18 HB t=   740s  heavy=11982664 (16147/s)  scanned~0M  cur_r=563489 (56.35%)
  d=18 HB t=   760s  heavy=12306068 (16170/s)  scanned~0M  cur_r=254880 (25.49%)
  d=18 HB t=   780s  heavy=12628014 (16097/s)  scanned~0M  cur_r=657779 (65.78%)
  d=18 HB t=   800s  heavy=12941633 (15681/s)  scanned~0M  cur_r=659005 (65.90%)
  d=18 HB t=   820s  heavy=13255550 (15696/s)  scanned~0M  cur_r=259784 (25.98%)
  d=18 HB t=   840s  heavy=13568588 (15652/s)  scanned~0M  cur_r=261397 (26.14%)
  d=18 HB t=   860s  heavy=13882848 (15713/s)  scanned~0M  cur_r=662640 (66.26%)
  d=18 HB t=   880s  heavy=14195817 (15648/s)  scanned~0M  cur_r=373665 (37.37%)
  d=18 HB t=   900s  heavy=14518899 (16154/s)  scanned~0M  cur_r=266294 (26.63%)
  d=18 HB t=   920s  heavy=14838933 (16002/s)  scanned~0M  cur_r=267945 (26.79%)
  d=18 HB t=   940s  heavy=15164431 (16275/s)  scanned~0M  cur_r=479040 (47.90%)
  d=18 HB t=   960s  heavy=15486171 (16087/s)  scanned~0M  cur_r=775139 (77.51%)
  d=18 HB t=   980s  heavy=15807846 (16084/s)  scanned~0M  cur_r=671994 (67.20%)
  d=18 HB t=  1000s  heavy=16129026 (16059/s)  scanned~0M  cur_r=673577 (67.36%)
  d=18 HB t=  1020s  heavy=16450158 (16057/s)  scanned~0M  cur_r=276060 (27.61%)
  d=18 HB t=  1040s  heavy=16772504 (16117/s)  scanned~0M  cur_r=184552 (18.46%)
  d=18 HB t=  1060s  heavy=17094058 (16078/s)  scanned~0M  cur_r=782810 (78.28%)
  d=18 HB t=  1080s  heavy=17402104 (15402/s)  scanned~0M  cur_r=784305 (78.43%)
  d=18 HB t=  1100s  heavy=17722055 (15997/s)  scanned~0M  cur_r=84330 (8.43%)
  d=18 HB t=  1120s  heavy=18034424 (15618/s)  scanned~0M  cur_r=493599 (49.36%)
  d=18 HB t=  1140s  heavy=18347960 (15677/s)  scanned~0M  cur_r=788727 (78.87%)
  d=18 HB t=  1160s  heavy=18669051 (16055/s)  scanned~0M  cur_r=598357 (59.84%)
  d=18 HB t=  1180s  heavy=18988828 (15989/s)  scanned~0M  cur_r=397845 (39.78%)
  d=18 HB t=  1200s  heavy=19310067 (16062/s)  scanned~0M  cur_r=793237 (79.32%)
  d=18 HB t=  1220s  heavy=19597789 (14386/s)  scanned~0M  cur_r=691410 (69.14%)
  d=18 HB t=  1240s  heavy=19879987 (14110/s)  scanned~0M  cur_r=293899 (29.39%)
  d=18 HB t=  1260s  heavy=20144719 (13237/s)  scanned~0M  cur_r=295680 (29.57%)
  d=18 HB t=  1280s  heavy=20397693 (12649/s)  scanned~0M  cur_r=696599 (69.66%)
  d=18 HB t=  1300s  heavy=20626256 (11428/s)  scanned~0M  cur_r=809667 (80.97%)
  d=18 HB t=  1320s  heavy=20778252 (7600/s)  scanned~0M  cur_r=811724 (81.17%)
  d=18 HB t=  1340s  heavy=20879254 (5050/s)  scanned~0M  cur_r=813979 (81.40%)
  d=18 HB t=  1360s  heavy=20980829 (5079/s)  scanned~0M  cur_r=911909 (91.19%)
  d=18 HB t=  1380s  heavy=21082000 (5058/s)  scanned~0M  cur_r=913597 (91.36%)
  d=18 HB t=  1400s  heavy=21183148 (5057/s)  scanned~0M  cur_r=820749 (82.07%)
  d=18 HB t=  1420s  heavy=21284039 (5045/s)  scanned~0M  cur_r=916897 (91.69%)
  d=18 HB t=  1440s  heavy=21393225 (5459/s)  scanned~0M  cur_r=918887 (91.89%)
  d=18 HB t=  1460s  heavy=21505057 (5592/s)  scanned~0M  cur_r=920989 (92.10%)
  d=18 HB t=  1480s  heavy=21616184 (5556/s)  scanned~0M  cur_r=829652 (82.97%)
  d=18 HB t=  1500s  heavy=21716822 (5032/s)  scanned~0M  cur_r=924760 (92.48%)
  d=18 HB t=  1520s  heavy=21811657 (4742/s)  scanned~0M  cur_r=834140 (83.41%)
  d=18 HB t=  1540s  heavy=21912163 (5025/s)  scanned~0M  cur_r=836385 (83.64%)
  d=18 HB t=  1560s  heavy=22006546 (4719/s)  scanned~0M  cur_r=929285 (92.93%)
  d=18 HB t=  1580s  heavy=22107548 (5050/s)  scanned~0M  cur_r=840907 (84.09%)
  d=18 HB t=  1600s  heavy=22208425 (5044/s)  scanned~0M  cur_r=843135 (84.31%)
  d=18 HB t=  1620s  heavy=22309331 (5045/s)  scanned~0M  cur_r=845319 (84.53%)
  d=18 HB t=  1640s  heavy=22413169 (5192/s)  scanned~0M  cur_r=936069 (93.61%)
  d=18 HB t=  1660s  heavy=22525339 (5608/s)  scanned~0M  cur_r=938215 (93.82%)
  d=18 HB t=  1680s  heavy=22637499 (5608/s)  scanned~0M  cur_r=940344 (94.03%)
  d=18 HB t=  1700s  heavy=22749555 (5603/s)  scanned~0M  cur_r=854134 (85.41%)
  d=18 HB t=  1720s  heavy=22860726 (5558/s)  scanned~0M  cur_r=944490 (94.45%)
  d=18 HB t=  1740s  heavy=22965185 (5223/s)  scanned~0M  cur_r=946312 (94.63%)
  d=18 HB t=  1760s  heavy=23069866 (5234/s)  scanned~0M  cur_r=948104 (94.81%)
  d=18 HB t=  1780s  heavy=23179904 (5502/s)  scanned~0M  cur_r=950129 (95.01%)
  d=18 HB t=  1800s  heavy=23289507 (5480/s)  scanned~0M  cur_r=865007 (86.50%)
  d=18 HB t=  1820s  heavy=23398926 (5471/s)  scanned~0M  cur_r=954370 (95.44%)
  d=18 HB t=  1840s  heavy=23497764 (4942/s)  scanned~0M  cur_r=869257 (86.93%)
  d=18 HB t=  1860s  heavy=23596572 (4940/s)  scanned~0M  cur_r=871429 (87.14%)
  d=18 HB t=  1880s  heavy=23694200 (4881/s)  scanned~0M  cur_r=873510 (87.35%)
  d=18 HB t=  1900s  heavy=23781523 (4366/s)  scanned~0M  cur_r=961070 (96.11%)
  d=18 HB t=  1920s  heavy=23868660 (4357/s)  scanned~0M  cur_r=962719 (96.27%)
  d=18 HB t=  1940s  heavy=23955713 (4353/s)  scanned~0M  cur_r=964392 (96.44%)
  d=18 HB t=  1960s  heavy=24042838 (4356/s)  scanned~0M  cur_r=880127 (88.01%)
  d=18 HB t=  1980s  heavy=24133247 (4520/s)  scanned~0M  cur_r=881779 (88.18%)
  d=18 HB t=  2000s  heavy=24233693 (5022/s)  scanned~0M  cur_r=883480 (88.35%)
  d=18 HB t=  2020s  heavy=24334577 (5044/s)  scanned~0M  cur_r=972310 (97.23%)
  d=18 HB t=  2040s  heavy=24437131 (5128/s)  scanned~0M  cur_r=887029 (88.70%)
  d=18 HB t=  2060s  heavy=24543102 (5298/s)  scanned~0M  cur_r=889117 (88.91%)
  d=18 HB t=  2080s  heavy=24644460 (5068/s)  scanned~0M  cur_r=891207 (89.12%)
  d=18 HB t=  2100s  heavy=24752717 (5413/s)  scanned~0M  cur_r=893122 (89.31%)
  d=18 HB t=  2120s  heavy=24859202 (5324/s)  scanned~0M  cur_r=895027 (89.50%)
  d=18 HB t=  2140s  heavy=24962531 (5166/s)  scanned~0M  cur_r=984995 (98.50%)
  d=18 HB t=  2160s  heavy=25074412 (5594/s)  scanned~0M  cur_r=898905 (89.89%)
  d=18 HB t=  2180s  heavy=25159257 (4242/s)  scanned~0M  cur_r=989470 (98.95%)
  d=18 HB t=  2200s  heavy=25216404 (2857/s)  scanned~0M  cur_r=991690 (99.17%)
  d=18 HB t=  2220s  heavy=25273244 (2842/s)  scanned~0M  cur_r=993912 (99.39%)
  d=18 HB t=  2240s  heavy=25330134 (2844/s)  scanned~0M  cur_r=996087 (99.61%)
  d=18 HB t=  2260s  heavy=25387383 (2862/s)  scanned~0M  cur_r=998367 (99.84%)
    d=18  survivors = 205279

  k=6 summary: 0 obstructions found out of 12 digit counts tested

=====================================================
  Search complete.
=====================================================

