
  Modular Obstruction Search for Bi-Quadratic Emirps
=====================================================
  max_d = 20    max_k = 6    (resuming from k=6, d=7)
=====================================================

  k=6: valid_endings = 54176 / 1000000 (5.42%)  valid_firsts = 54176
  ---------------------------------------------------
    d= 7  survivors =      5
    d= 8  survivors =      2
    d= 9  survivors =      0  *** OBSTRUCTION ***
    d=10  survivors =      0  *** OBSTRUCTION ***
    d=11  survivors =      0  *** OBSTRUCTION ***
    d=12  survivors =      0  *** OBSTRUCTION ***
    d=13  survivors =      8
    d=14  survivors =     30
    d=15  survivors =    269
  d=16 HB t=    20s  heavy=2792791 (139639/s)  scanned~0M  cur_r=786954 (78.70%)
    d=16  survivors =   2494
  d=17 HB t=    20s  heavy=951336 (47567/s)  scanned~0M  cur_r=610697 (61.07%)
  d=17 HB t=    40s  heavy=1907809 (47824/s)  scanned~0M  cur_r=221017 (22.10%)
  d=17 HB t=    60s  heavy=2976607 (53440/s)  scanned~0M  cur_r=49307 (4.93%)
  d=17 HB t=    80s  heavy=3931428 (47741/s)  scanned~0M  cur_r=542667 (54.27%)
  d=17 HB t=   100s  heavy=4909524 (48905/s)  scanned~0M  cur_r=488442 (48.84%)
  d=17 HB t=   120s  heavy=5963817 (52715/s)  scanned~0M  cur_r=279444 (27.94%)
  d=17 HB t=   140s  heavy=6901502 (46884/s)  scanned~0M  cur_r=679287 (67.93%)
  d=17 HB t=   160s  heavy=7661693 (38009/s)  scanned~0M  cur_r=829854 (82.99%)
  d=17 HB t=   180s  heavy=8279464 (30889/s)  scanned~0M  cur_r=958599 (95.86%)
  d=17 HB t=   200s  heavy=8618402 (16947/s)  scanned~0M  cur_r=855017 (85.50%)
  d=17 HB t=   220s  heavy=8967049 (17432/s)  scanned~0M  cur_r=869525 (86.95%)
  d=17 HB t=   240s  heavy=9115002 (7398/s)  scanned~0M  cur_r=883502 (88.35%)
  d=17 HB t=   260s  heavy=9264010 (7450/s)  scanned~0M  cur_r=897590 (89.76%)
    d=17  survivors =  25292
  d=18 HB t=    20s  heavy=349458 (17473/s)  scanned~0M  cur_r=501832 (50.18%)
  d=18 HB t=    40s  heavy=677895 (16422/s)  scanned~0M  cur_r=703444 (70.34%)
  d=18 HB t=    60s  heavy=1004330 (16322/s)  scanned~0M  cur_r=705080 (70.51%)
  d=18 HB t=    80s  heavy=1331156 (16341/s)  scanned~0M  cur_r=507145 (50.71%)
  d=18 HB t=   100s  heavy=1657800 (16332/s)  scanned~0M  cur_r=108269 (10.83%)
  d=18 HB t=   120s  heavy=1992471 (16734/s)  scanned~0M  cur_r=608634 (60.86%)
  d=18 HB t=   140s  heavy=2329327 (16843/s)  scanned~0M  cur_r=512402 (51.24%)
  d=18 HB t=   160s  heavy=2666388 (16853/s)  scanned~0M  cur_r=713289 (71.33%)
  d=18 HB t=   180s  heavy=3003223 (16842/s)  scanned~0M  cur_r=114709 (11.47%)
  d=18 HB t=   200s  heavy=3346322 (17155/s)  scanned~0M  cur_r=517677 (51.77%)
  d=18 HB t=   220s  heavy=3683984 (16883/s)  scanned~0M  cur_r=319420 (31.94%)
  d=18 HB t=   240s  heavy=4011038 (16353/s)  scanned~0M  cur_r=217067 (21.71%)
  d=18 HB t=   260s  heavy=4324674 (15682/s)  scanned~0M  cur_r=422777 (42.28%)
  d=18 HB t=   280s  heavy=4639546 (15744/s)  scanned~0M  cur_r=524422 (52.44%)
  d=18 HB t=   300s  heavy=4962895 (16167/s)  scanned~0M  cur_r=326029 (32.60%)
  d=18 HB t=   320s  heavy=5278090 (15760/s)  scanned~0M  cur_r=427740 (42.77%)
  d=18 HB t=   340s  heavy=5596410 (15916/s)  scanned~0M  cur_r=127415 (12.74%)
  d=18 HB t=   360s  heavy=5907916 (15575/s)  scanned~0M  cur_r=225850 (22.59%)
  d=18 HB t=   380s  heavy=6222837 (15746/s)  scanned~0M  cur_r=628755 (62.88%)
  d=18 HB t=   400s  heavy=6537698 (15743/s)  scanned~0M  cur_r=132299 (13.23%)
  d=18 HB t=   420s  heavy=6847878 (15509/s)  scanned~0M  cur_r=733474 (73.35%)
  d=18 HB t=   440s  heavy=7153005 (15256/s)  scanned~0M  cur_r=231890 (23.19%)
  d=18 HB t=   460s  heavy=7458476 (15274/s)  scanned~0M  cur_r=339072 (33.91%)
  d=18 HB t=   480s  heavy=7762304 (15191/s)  scanned~0M  cur_r=634889 (63.49%)
  d=18 HB t=   500s  heavy=8067357 (15253/s)  scanned~0M  cur_r=235564 (23.56%)
  d=18 HB t=   520s  heavy=8373116 (15288/s)  scanned~0M  cur_r=544302 (54.43%)
  d=18 HB t=   540s  heavy=8677594 (15224/s)  scanned~0M  cur_r=345582 (34.56%)
  d=18 HB t=   560s  heavy=8991793 (15710/s)  scanned~0M  cur_r=547679 (54.77%)
  d=18 HB t=   580s  heavy=9306817 (15751/s)  scanned~0M  cur_r=641759 (64.18%)
  d=18 HB t=   600s  heavy=9620695 (15694/s)  scanned~0M  cur_r=241785 (24.18%)
  d=18 HB t=   620s  heavy=9936152 (15773/s)  scanned~0M  cur_r=243010 (24.30%)
  d=18 HB t=   640s  heavy=10249489 (15667/s)  scanned~0M  cur_r=151705 (15.17%)
  d=18 HB t=   660s  heavy=10573048 (16178/s)  scanned~0M  cur_r=355375 (35.54%)
  d=18 HB t=   680s  heavy=10886040 (15650/s)  scanned~0M  cur_r=648914 (64.89%)
  d=18 HB t=   700s  heavy=11210856 (16241/s)  scanned~0M  cur_r=249509 (24.95%)
  d=18 HB t=   720s  heavy=11533979 (16156/s)  scanned~0M  cur_r=55444 (5.54%)
  d=18 HB t=   740s  heavy=11859004 (16251/s)  scanned~0M  cur_r=56974 (5.70%)
  d=18 HB t=   760s  heavy=12183700 (16235/s)  scanned~0M  cur_r=759255 (75.93%)
  d=18 HB t=   780s  heavy=12507738 (16202/s)  scanned~0M  cur_r=566179 (56.62%)
  d=18 HB t=   800s  heavy=12826657 (15946/s)  scanned~0M  cur_r=366722 (36.67%)
  d=18 HB t=   820s  heavy=13141470 (15741/s)  scanned~0M  cur_r=763825 (76.38%)
  d=18 HB t=   840s  heavy=13455584 (15706/s)  scanned~0M  cur_r=660880 (66.09%)
  d=18 HB t=   860s  heavy=13770734 (15757/s)  scanned~0M  cur_r=766907 (76.69%)
  d=18 HB t=   880s  heavy=14085781 (15752/s)  scanned~0M  cur_r=473450 (47.34%)
  d=18 HB t=   900s  heavy=14405158 (15969/s)  scanned~0M  cur_r=265817 (26.58%)
  d=18 HB t=   920s  heavy=14730318 (16258/s)  scanned~0M  cur_r=376519 (37.65%)
  d=18 HB t=   940s  heavy=15055147 (16241/s)  scanned~0M  cur_r=72024 (7.20%)
  d=18 HB t=   960s  heavy=15377940 (16140/s)  scanned~0M  cur_r=581262 (58.13%)
  d=18 HB t=   980s  heavy=15703030 (16254/s)  scanned~0M  cur_r=272357 (27.24%)
  d=18 HB t=  1000s  heavy=16027739 (16235/s)  scanned~0M  cur_r=274000 (27.40%)
  d=18 HB t=  1020s  heavy=16351180 (16172/s)  scanned~0M  cur_r=275604 (27.56%)
  d=18 HB t=  1040s  heavy=16672530 (16067/s)  scanned~0M  cur_r=79549 (7.95%)
  d=18 HB t=  1060s  heavy=16996271 (16187/s)  scanned~0M  cur_r=589512 (58.95%)
  d=18 HB t=  1080s  heavy=17313639 (15868/s)  scanned~0M  cur_r=186974 (18.70%)
  d=18 HB t=  1100s  heavy=17631373 (15887/s)  scanned~0M  cur_r=188329 (18.83%)
  d=18 HB t=  1120s  heavy=17954121 (16137/s)  scanned~0M  cur_r=786697 (78.67%)
  d=18 HB t=  1140s  heavy=18266396 (15614/s)  scanned~0M  cur_r=596155 (59.62%)
  d=18 HB t=  1160s  heavy=18591211 (16241/s)  scanned~0M  cur_r=287010 (28.70%)
  d=18 HB t=  1180s  heavy=18916154 (16247/s)  scanned~0M  cur_r=90032 (9.00%)
  d=18 HB t=  1200s  heavy=19237233 (16054/s)  scanned~0M  cur_r=290289 (29.03%)
  d=18 HB t=  1220s  heavy=19540236 (15150/s)  scanned~0M  cur_r=197562 (19.76%)
  d=18 HB t=  1240s  heavy=19830218 (14499/s)  scanned~0M  cur_r=692760 (69.28%)
  d=18 HB t=  1260s  heavy=20101164 (13547/s)  scanned~0M  cur_r=797587 (79.76%)
  d=18 HB t=  1280s  heavy=20354319 (12658/s)  scanned~0M  cur_r=807497 (80.75%)
  d=18 HB t=  1300s  heavy=20586581 (11613/s)  scanned~0M  cur_r=809204 (80.92%)
  d=18 HB t=  1320s  heavy=20755784 (8460/s)  scanned~0M  cur_r=811137 (81.11%)
  d=18 HB t=  1340s  heavy=20856419 (5032/s)  scanned~0M  cur_r=813362 (81.34%)
  d=18 HB t=  1360s  heavy=20957977 (5078/s)  scanned~0M  cur_r=815652 (81.57%)
  d=18 HB t=  1380s  heavy=21059245 (5063/s)  scanned~0M  cur_r=817895 (81.79%)
  d=18 HB t=  1400s  heavy=21160583 (5067/s)  scanned~0M  cur_r=914967 (91.50%)
  d=18 HB t=  1420s  heavy=21261204 (5031/s)  scanned~0M  cur_r=822382 (82.24%)
  d=18 HB t=  1440s  heavy=21368491 (5364/s)  scanned~0M  cur_r=918522 (91.85%)
  d=18 HB t=  1460s  heavy=21480511 (5601/s)  scanned~0M  cur_r=826849 (82.68%)
  d=18 HB t=  1480s  heavy=21592401 (5594/s)  scanned~0M  cur_r=829072 (82.91%)
  d=18 HB t=  1500s  heavy=21694267 (5093/s)  scanned~0M  cur_r=831295 (83.13%)
  d=18 HB t=  1520s  heavy=21790186 (4796/s)  scanned~0M  cur_r=833544 (83.35%)
  d=18 HB t=  1540s  heavy=21889481 (4965/s)  scanned~0M  cur_r=835792 (83.58%)
  d=18 HB t=  1560s  heavy=21985489 (4800/s)  scanned~0M  cur_r=838010 (83.80%)
  d=18 HB t=  1580s  heavy=22084815 (4966/s)  scanned~0M  cur_r=930682 (93.07%)
  d=18 HB t=  1600s  heavy=22185638 (5041/s)  scanned~0M  cur_r=932360 (93.24%)
  d=18 HB t=  1620s  heavy=22286577 (5047/s)  scanned~0M  cur_r=844749 (84.47%)
  d=18 HB t=  1640s  heavy=22388479 (5095/s)  scanned~0M  cur_r=935714 (93.57%)
  d=18 HB t=  1660s  heavy=22500578 (5605/s)  scanned~0M  cur_r=849132 (84.91%)
  d=18 HB t=  1680s  heavy=22604729 (5208/s)  scanned~0M  cur_r=851174 (85.12%)
  d=18 HB t=  1700s  heavy=22713855 (5456/s)  scanned~0M  cur_r=941852 (94.19%)
  d=18 HB t=  1720s  heavy=22825941 (5604/s)  scanned~0M  cur_r=943942 (94.39%)
  d=18 HB t=  1740s  heavy=22929383 (5172/s)  scanned~0M  cur_r=857710 (85.77%)
  d=18 HB t=  1760s  heavy=23039403 (5501/s)  scanned~0M  cur_r=859905 (85.99%)
  d=18 HB t=  1780s  heavy=23144603 (5260/s)  scanned~0M  cur_r=949557 (94.96%)
  d=18 HB t=  1800s  heavy=23254691 (5504/s)  scanned~0M  cur_r=951660 (95.17%)
  d=18 HB t=  1820s  heavy=23364295 (5480/s)  scanned~0M  cur_r=953809 (95.38%)
  d=18 HB t=  1840s  heavy=23466278 (5099/s)  scanned~0M  cur_r=868487 (86.85%)
  d=18 HB t=  1860s  heavy=23564671 (4920/s)  scanned~0M  cur_r=870640 (87.06%)
  d=18 HB t=  1880s  heavy=23623130 (2923/s)  scanned~0M  cur_r=958267 (95.83%)
