
  Modular Obstruction Search for Bi-Quadratic Emirps
=====================================================
  max_d = 21    max_k = 10    (resuming from k=10, d=17)
=====================================================

  k=10: valid_endings = 541666816 / 10000000000 (5.42%)  valid_firsts = 541666816
  ---------------------------------------------------
  d=17 HB t=    20s  heavy=9440987 (472034/s)  scanned~5077M  cur_r=5078099999 (50.78%)
    d=17  survivors =      1
  d=18 HB t=    20s  heavy=24583168 (1229158/s)  scanned~301M  cur_r=301958160 (3.02%)
  d=18 HB t=    40s  heavy=29855040 (263590/s)  scanned~2255M  cur_r=2255399999 (22.55%)
    d=18  survivors =      0  *** OBSTRUCTION ***
  d=19 HB t=    20s  heavy=23190073 (1159503/s)  scanned~778M  cur_r=779114155 (7.79%)
  d=19 HB t=    40s  heavy=48213918 (1251192/s)  scanned~850M  cur_r=850961949 (8.51%)
  d=19 HB t=    60s  heavy=73181096 (1248359/s)  scanned~920M  cur_r=921304865 (9.21%)
  d=19 HB t=    80s  heavy=89478869 (814888/s)  scanned~1244M  cur_r=1245512449 (12.46%)
  d=19 HB t=   100s  heavy=94409959 (246491/s)  scanned~1480M  cur_r=1480899999 (14.81%)
  d=19 HB t=   120s  heavy=94409959 (0/s)  scanned~2724M  cur_r=2725299999 (27.25%)
    d=19  survivors =      0  *** OBSTRUCTION ***
  d=20 HB t=    20s  heavy=21343647 (1067182/s)  scanned~2271M  cur_r=2271655715 (22.72%)
  d=20 HB t=    40s  heavy=47980624 (1331848/s)  scanned~2315M  cur_r=2316044355 (23.16%)
  d=20 HB t=    60s  heavy=71040226 (1152980/s)  scanned~2457M  cur_r=2458753569 (24.59%)
  d=20 HB t=    80s  heavy=97632076 (1329592/s)  scanned~2502M  cur_r=2502972530 (25.03%)
  d=20 HB t=   100s  heavy=123629202 (1299856/s)  scanned~2545M  cur_r=2546172374 (25.46%)
  d=20 HB t=   120s  heavy=146043031 (1120691/s)  scanned~2679M  cur_r=2679958912 (26.80%)
  d=20 HB t=   140s  heavy=171957631 (1295730/s)  scanned~2722M  cur_r=2723156687 (27.23%)
  d=20 HB t=   160s  heavy=194830572 (1143647/s)  scanned~2850M  cur_r=2851338552 (28.51%)
  d=20 HB t=   180s  heavy=220731693 (1295056/s)  scanned~2893M  cur_r=2894621792 (28.95%)
  d=20 HB t=   200s  heavy=243811161 (1153973/s)  scanned~3016M  cur_r=3017162962 (30.17%)
  d=20 HB t=   220s  heavy=269843001 (1301592/s)  scanned~3059M  cur_r=3060662920 (30.61%)
  d=20 HB t=   240s  heavy=282766330 (646111/s)  scanned~3453M  cur_r=3454099999 (34.54%)
  d=20 HB t=   260s  heavy=285573536 (140360/s)  scanned~3940M  cur_r=3941387657 (39.41%)
  d=20 HB t=   280s  heavy=292209746 (331810/s)  scanned~3970M  cur_r=3971500409 (39.72%)
  d=20 HB t=   300s  heavy=298508933 (314958/s)  scanned~4033M  cur_r=3992068325 (39.92%)
  d=20 HB t=   320s  heavy=298550521 (2079/s)  scanned~4740M  cur_r=4740799999 (47.41%)
  d=20 HB t=   340s  heavy=298550521 (0/s)  scanned~5476M  cur_r=5477099999 (54.77%)
  d=20 HB t=   360s  heavy=298550521 (0/s)  scanned~6196M  cur_r=6196999999 (61.97%)
  d=20 HB t=   380s  heavy=298550521 (0/s)  scanned~6924M  cur_r=6924499999 (69.24%)
    d=20  survivors =      0  *** OBSTRUCTION ***
  d=21 HB t=    20s  heavy=0 (0/s)  scanned~523M  cur_r=523599999 (5.24%)
  d=21 HB t=    40s  heavy=0 (0/s)  scanned~1061M  cur_r=1062399999 (10.62%)
  d=21 HB t=    60s  heavy=0 (0/s)  scanned~1601M  cur_r=1601499999 (16.01%)
  d=21 HB t=    80s  heavy=0 (0/s)  scanned~2128M  cur_r=2129399999 (21.29%)
  d=21 HB t=   100s  heavy=3062953 (153148/s)  scanned~2454M  cur_r=2455424557 (24.55%)
  d=21 HB t=   120s  heavy=10119202 (352812/s)  scanned~2466M  cur_r=2466824587 (24.67%)
  d=21 HB t=   140s  heavy=17232812 (355680/s)  scanned~2478M  cur_r=2478570140 (24.79%)
  d=21 HB t=   160s  heavy=24087466 (342733/s)  scanned~2509M  cur_r=2511003629 (25.11%)
  d=21 HB t=   180s  heavy=27706897 (180972/s)  scanned~2553M  cur_r=2554271619 (25.54%)
  d=21 HB t=   200s  heavy=34787128 (354011/s)  scanned~2565M  cur_r=2566141342 (25.66%)
  d=21 HB t=   220s  heavy=41857777 (353532/s)  scanned~2577M  cur_r=2578308307 (25.78%)
  d=21 HB t=   240s  heavy=48886039 (351413/s)  scanned~2595M  cur_r=2589199185 (25.89%)
  d=21 HB t=   260s  heavy=49914044 (51399/s)  scanned~2899M  cur_r=2899999999 (29.00%)
  d=21 HB t=   280s  heavy=49914044 (0/s)  scanned~3635M  cur_r=3635999999 (36.36%)
  d=21 HB t=   300s  heavy=49914044 (0/s)  scanned~4369M  cur_r=4369799999 (43.70%)
  d=21 HB t=   320s  heavy=49914044 (0/s)  scanned~5098M  cur_r=5098299999 (50.98%)
  d=21 HB t=   340s  heavy=49914044 (0/s)  scanned~5818M  cur_r=5818399999 (58.18%)
  d=21 HB t=   360s  heavy=49914044 (0/s)  scanned~6555M  cur_r=6555999999 (65.56%)
  d=21 HB t=   380s  heavy=57347933 (371694/s)  scanned~7082M  cur_r=7083702995 (70.84%)
  d=21 HB t=   400s  heavy=81912890 (1228247/s)  scanned~7123M  cur_r=7124443000 (71.24%)
  d=21 HB t=   420s  heavy=106427186 (1225714/s)  scanned~7164M  cur_r=7165336155 (71.65%)
  d=21 HB t=   440s  heavy=130835389 (1220410/s)  scanned~7205M  cur_r=7205598067 (72.06%)
  d=21 HB t=   460s  heavy=155332496 (1224855/s)  scanned~7245M  cur_r=7246394680 (72.46%)
  d=21 HB t=   480s  heavy=179840531 (1225401/s)  scanned~7287M  cur_r=7287904365 (72.88%)
  d=21 HB t=   500s  heavy=203995407 (1207744/s)  scanned~7327M  cur_r=7327758384 (73.28%)
  d=21 HB t=   520s  heavy=228392816 (1219870/s)  scanned~7367M  cur_r=7368532342 (73.69%)
  d=21 HB t=   540s  heavy=252463858 (1203552/s)  scanned~7408M  cur_r=7408818822 (74.09%)
  d=21 HB t=   560s  heavy=261260281 (439821/s)  scanned~7752M  cur_r=7753502174 (77.54%)
  d=21 HB t=   580s  heavy=285073510 (1190661/s)  scanned~7792M  cur_r=7793027882 (77.93%)
  d=21 HB t=   600s  heavy=309265542 (1209601/s)  scanned~7832M  cur_r=7833504065 (78.34%)
  d=21 HB t=   620s  heavy=333595158 (1216480/s)  scanned~7873M  cur_r=7873926039 (78.74%)
  d=21 HB t=   640s  heavy=358102812 (1225382/s)  scanned~7913M  cur_r=7914551455 (79.15%)
  d=21 HB t=   660s  heavy=382367791 (1213249/s)  scanned~7954M  cur_r=7955034647 (79.55%)
  d=21 HB t=   680s  heavy=406230287 (1193124/s)  scanned~7993M  cur_r=7994652645 (79.95%)
  d=21 HB t=   700s  heavy=430501394 (1213555/s)  scanned~8034M  cur_r=8034879954 (80.35%)
  d=21 HB t=   720s  heavy=446767083 (813140/s)  scanned~8233M  cur_r=8233899999 (82.34%)
  d=21 HB t=   740s  heavy=464799882 (901640/s)  scanned~8395M  cur_r=8396576049 (83.97%)
  d=21 HB t=   760s  heavy=489060236 (1213017/s)  scanned~8436M  cur_r=8437305972 (84.37%)
  d=21 HB t=   780s  heavy=513190159 (1206496/s)  scanned~8476M  cur_r=8477518105 (84.78%)
  d=21 HB t=   800s  heavy=537375149 (1209249/s)  scanned~8516M  cur_r=8517390009 (85.17%)
  d=21 HB t=   820s  heavy=561616789 (1212082/s)  scanned~8557M  cur_r=8557949380 (85.58%)
  d=21 HB t=   840s  heavy=585816560 (1209988/s)  scanned~8597M  cur_r=8598249949 (85.98%)
  d=21 HB t=   860s  heavy=609874974 (1202920/s)  scanned~8637M  cur_r=8638180592 (86.38%)
  d=21 HB t=   880s  heavy=622959347 (654214/s)  scanned~8902M  cur_r=8903299999 (89.03%)
  d=21 HB t=   900s  heavy=645282732 (1116169/s)  scanned~8980M  cur_r=8981357494 (89.81%)
  d=21 HB t=   920s  heavy=669476652 (1209696/s)  scanned~9020M  cur_r=9021592830 (90.22%)
  d=21 HB t=   940s  heavy=693707386 (1211536/s)  scanned~9061M  cur_r=9062355884 (90.62%)
  d=21 HB t=   960s  heavy=718128408 (1221051/s)  scanned~9102M  cur_r=9102856502 (91.03%)
  d=21 HB t=   980s  heavy=742360832 (1211621/s)  scanned~9142M  cur_r=9143152552 (91.43%)
  d=21 HB t=  1000s  heavy=766814071 (1222662/s)  scanned~9183M  cur_r=9183871582 (91.84%)
  d=21 HB t=  1020s  heavy=788122875 (1064694/s)  scanned~9285M  cur_r=9285499999 (92.85%)
  d=21 HB t=  1040s  heavy=803053405 (746526/s)  scanned~9511M  cur_r=9511496164 (95.11%)
  d=21 HB t=  1060s  heavy=827486877 (1221673/s)  scanned~9551M  cur_r=9552815475 (95.53%)
  d=21 HB t=  1080s  heavy=851852316 (1218272/s)  scanned~9592M  cur_r=9592879887 (95.93%)
  d=21 HB t=  1100s  heavy=875984488 (1206608/s)  scanned~9632M  cur_r=9633346125 (96.33%)
  d=21 HB t=  1120s  heavy=899978945 (1199723/s)  scanned~9672M  cur_r=9672893460 (96.73%)
  d=21 HB t=  1140s  heavy=923933401 (1197722/s)  scanned~9712M  cur_r=9712984025 (97.13%)
  d=21 HB t=  1160s  heavy=944099693 (1008021/s)  scanned~9828M  cur_r=9828499999 (98.28%)
    d=21  survivors =      0  *** OBSTRUCTION ***

  k=10 summary: 4 obstructions found out of 11 digit counts tested

=====================================================
  Search complete.
=====================================================

